// Jest Snapshot v1, https://goo.gl/fbAQLP

exports[`<ServiceList /> should render correctly 1`] = `
"<WithStyles(ServiceList) services={{...}}>
  <ServiceList classes={{...}} services={{...}}>
    <WithStyles(ForwardRef(Grid)) container={true} spacing={3} className=\\"ServiceList-root-1\\">
      <ForwardRef(Grid) classes={{...}} container={true} spacing={3} className=\\"ServiceList-root-1\\">
        <div className=\\"MuiGrid-root ServiceList-root-1 MuiGrid-container MuiGrid-spacing-xs-3\\">
          <WithStyles(ForwardRef(Grid)) item={true} xs={12} sm={4} md={3}>
            <ForwardRef(Grid) classes={{...}} item={true} xs={12} sm={4} md={3}>
              <div className=\\"MuiGrid-root MuiGrid-item MuiGrid-grid-xs-12 MuiGrid-grid-sm-4 MuiGrid-grid-md-3\\">
                <WithStyles(ForwardRef(Card)) className=\\"ServiceList-card-2\\" onClick={[Function: onClick]}>
                  <ForwardRef(Card) classes={{...}} className=\\"ServiceList-card-2\\" onClick={[Function: onClick]}>
                    <WithStyles(ForwardRef(Paper)) className=\\"MuiCard-root ServiceList-card-2\\" elevation={1} onClick={[Function: onClick]}>
                      <ForwardRef(Paper) classes={{...}} className=\\"MuiCard-root ServiceList-card-2\\" elevation={1} onClick={[Function: onClick]}>
                        <div className=\\"MuiPaper-root MuiPaper-elevation1 MuiCard-root ServiceList-card-2 MuiPaper-rounded\\" onClick={[Function: onClick]}>
                          <WithStyles(ForwardRef(CardMedia)) className=\\"ServiceList-media-4\\" component=\\"img\\" image=\\"https://picsum.photos/200/300?random=0\\">
                            <ForwardRef(CardMedia) classes={{...}} className=\\"ServiceList-media-4\\" component=\\"img\\" image=\\"https://picsum.photos/200/300?random=0\\">
                              <img className=\\"MuiCardMedia-root ServiceList-media-4 MuiCardMedia-media MuiCardMedia-img\\" style={[undefined]} src=\\"https://picsum.photos/200/300?random=0\\" />
                            </ForwardRef(CardMedia)>
                          </WithStyles(ForwardRef(CardMedia))>
                          <WithStyles(ForwardRef(CardContent)) className={[undefined]}>
                            <ForwardRef(CardContent) classes={{...}} className={[undefined]}>
                              <div className=\\"MuiCardContent-root\\">
                                <WithStyles(ForwardRef(Typography)) gutterBottom={true} variant=\\"h5\\" component=\\"h2\\">
                                  <ForwardRef(Typography) classes={{...}} gutterBottom={true} variant=\\"h5\\" component=\\"h2\\">
                                    <h2 className=\\"MuiTypography-root MuiTypography-h5 MuiTypography-gutterBottom\\">
                                      test
                                    </h2>
                                  </ForwardRef(Typography)>
                                </WithStyles(ForwardRef(Typography))>
                                <WithStyles(ForwardRef(Typography)) variant=\\"body2\\" component=\\"p\\">
                                  <ForwardRef(Typography) classes={{...}} variant=\\"body2\\" component=\\"p\\">
                                    <p className=\\"MuiTypography-root MuiTypography-body2\\">
                                      testtur testtursen
                                    </p>
                                  </ForwardRef(Typography)>
                                </WithStyles(ForwardRef(Typography))>
                              </div>
                            </ForwardRef(CardContent)>
                          </WithStyles(ForwardRef(CardContent))>
                        </div>
                      </ForwardRef(Paper)>
                    </WithStyles(ForwardRef(Paper))>
                  </ForwardRef(Card)>
                </WithStyles(ForwardRef(Card))>
              </div>
            </ForwardRef(Grid)>
          </WithStyles(ForwardRef(Grid))>
          <WithStyles(ForwardRef(Grid)) item={true} xs={12} sm={4} md={3}>
            <ForwardRef(Grid) classes={{...}} item={true} xs={12} sm={4} md={3}>
              <div className=\\"MuiGrid-root MuiGrid-item MuiGrid-grid-xs-12 MuiGrid-grid-sm-4 MuiGrid-grid-md-3\\">
                <WithStyles(ForwardRef(Card)) className=\\"ServiceList-card-2\\" onClick={[Function: onClick]}>
                  <ForwardRef(Card) classes={{...}} className=\\"ServiceList-card-2\\" onClick={[Function: onClick]}>
                    <WithStyles(ForwardRef(Paper)) className=\\"MuiCard-root ServiceList-card-2\\" elevation={1} onClick={[Function: onClick]}>
                      <ForwardRef(Paper) classes={{...}} className=\\"MuiCard-root ServiceList-card-2\\" elevation={1} onClick={[Function: onClick]}>
                        <div className=\\"MuiPaper-root MuiPaper-elevation1 MuiCard-root ServiceList-card-2 MuiPaper-rounded\\" onClick={[Function: onClick]}>
                          <WithStyles(ForwardRef(CardMedia)) className=\\"ServiceList-media-4\\" component=\\"img\\" image=\\"https://picsum.photos/200/300?random=1\\">
                            <ForwardRef(CardMedia) classes={{...}} className=\\"ServiceList-media-4\\" component=\\"img\\" image=\\"https://picsum.photos/200/300?random=1\\">
                              <img className=\\"MuiCardMedia-root ServiceList-media-4 MuiCardMedia-media MuiCardMedia-img\\" style={[undefined]} src=\\"https://picsum.photos/200/300?random=1\\" />
                            </ForwardRef(CardMedia)>
                          </WithStyles(ForwardRef(CardMedia))>
                          <WithStyles(ForwardRef(CardContent)) className={[undefined]}>
                            <ForwardRef(CardContent) classes={{...}} className={[undefined]}>
                              <div className=\\"MuiCardContent-root\\">
                                <WithStyles(ForwardRef(Typography)) gutterBottom={true} variant=\\"h5\\" component=\\"h2\\">
                                  <ForwardRef(Typography) classes={{...}} gutterBottom={true} variant=\\"h5\\" component=\\"h2\\">
                                    <h2 className=\\"MuiTypography-root MuiTypography-h5 MuiTypography-gutterBottom\\">
                                      test
                                    </h2>
                                  </ForwardRef(Typography)>
                                </WithStyles(ForwardRef(Typography))>
                                <WithStyles(ForwardRef(Typography)) variant=\\"body2\\" component=\\"p\\">
                                  <ForwardRef(Typography) classes={{...}} variant=\\"body2\\" component=\\"p\\">
                                    <p className=\\"MuiTypography-root MuiTypography-body2\\">
                                      testtur testtursen
                                    </p>
                                  </ForwardRef(Typography)>
                                </WithStyles(ForwardRef(Typography))>
                              </div>
                            </ForwardRef(CardContent)>
                          </WithStyles(ForwardRef(CardContent))>
                        </div>
                      </ForwardRef(Paper)>
                    </WithStyles(ForwardRef(Paper))>
                  </ForwardRef(Card)>
                </WithStyles(ForwardRef(Card))>
              </div>
            </ForwardRef(Grid)>
          </WithStyles(ForwardRef(Grid))>
          <WithStyles(ForwardRef(Grid)) item={true} xs={12} sm={4} md={3}>
            <ForwardRef(Grid) classes={{...}} item={true} xs={12} sm={4} md={3}>
              <div className=\\"MuiGrid-root MuiGrid-item MuiGrid-grid-xs-12 MuiGrid-grid-sm-4 MuiGrid-grid-md-3\\">
                <WithStyles(ForwardRef(Card)) className=\\"ServiceList-card-2\\" onClick={[Function: onClick]}>
                  <ForwardRef(Card) classes={{...}} className=\\"ServiceList-card-2\\" onClick={[Function: onClick]}>
                    <WithStyles(ForwardRef(Paper)) className=\\"MuiCard-root ServiceList-card-2\\" elevation={1} onClick={[Function: onClick]}>
                      <ForwardRef(Paper) classes={{...}} className=\\"MuiCard-root ServiceList-card-2\\" elevation={1} onClick={[Function: onClick]}>
                        <div className=\\"MuiPaper-root MuiPaper-elevation1 MuiCard-root ServiceList-card-2 MuiPaper-rounded\\" onClick={[Function: onClick]}>
                          <WithStyles(ForwardRef(CardMedia)) className=\\"ServiceList-media-4\\" component=\\"img\\" image=\\"https://picsum.photos/200/300?random=2\\">
                            <ForwardRef(CardMedia) classes={{...}} className=\\"ServiceList-media-4\\" component=\\"img\\" image=\\"https://picsum.photos/200/300?random=2\\">
                              <img className=\\"MuiCardMedia-root ServiceList-media-4 MuiCardMedia-media MuiCardMedia-img\\" style={[undefined]} src=\\"https://picsum.photos/200/300?random=2\\" />
                            </ForwardRef(CardMedia)>
                          </WithStyles(ForwardRef(CardMedia))>
                          <WithStyles(ForwardRef(CardContent)) className={[undefined]}>
                            <ForwardRef(CardContent) classes={{...}} className={[undefined]}>
                              <div className=\\"MuiCardContent-root\\">
                                <WithStyles(ForwardRef(Typography)) gutterBottom={true} variant=\\"h5\\" component=\\"h2\\">
                                  <ForwardRef(Typography) classes={{...}} gutterBottom={true} variant=\\"h5\\" component=\\"h2\\">
                                    <h2 className=\\"MuiTypography-root MuiTypography-h5 MuiTypography-gutterBottom\\">
                                      test
                                    </h2>
                                  </ForwardRef(Typography)>
                                </WithStyles(ForwardRef(Typography))>
                                <WithStyles(ForwardRef(Typography)) variant=\\"body2\\" component=\\"p\\">
                                  <ForwardRef(Typography) classes={{...}} variant=\\"body2\\" component=\\"p\\">
                                    <p className=\\"MuiTypography-root MuiTypography-body2\\">
                                      testtur testtursen
                                    </p>
                                  </ForwardRef(Typography)>
                                </WithStyles(ForwardRef(Typography))>
                              </div>
                            </ForwardRef(CardContent)>
                          </WithStyles(ForwardRef(CardContent))>
                        </div>
                      </ForwardRef(Paper)>
                    </WithStyles(ForwardRef(Paper))>
                  </ForwardRef(Card)>
                </WithStyles(ForwardRef(Card))>
              </div>
            </ForwardRef(Grid)>
          </WithStyles(ForwardRef(Grid))>
          <WithStyles(ForwardRef(Grid)) item={true} xs={12} sm={4} md={3}>
            <ForwardRef(Grid) classes={{...}} item={true} xs={12} sm={4} md={3}>
              <div className=\\"MuiGrid-root MuiGrid-item MuiGrid-grid-xs-12 MuiGrid-grid-sm-4 MuiGrid-grid-md-3\\">
                <WithStyles(ForwardRef(Card)) className=\\"ServiceList-card-2\\" onClick={[Function: onClick]}>
                  <ForwardRef(Card) classes={{...}} className=\\"ServiceList-card-2\\" onClick={[Function: onClick]}>
                    <WithStyles(ForwardRef(Paper)) className=\\"MuiCard-root ServiceList-card-2\\" elevation={1} onClick={[Function: onClick]}>
                      <ForwardRef(Paper) classes={{...}} className=\\"MuiCard-root ServiceList-card-2\\" elevation={1} onClick={[Function: onClick]}>
                        <div className=\\"MuiPaper-root MuiPaper-elevation1 MuiCard-root ServiceList-card-2 MuiPaper-rounded\\" onClick={[Function: onClick]}>
                          <WithStyles(ForwardRef(CardMedia)) className=\\"ServiceList-media-4\\" component=\\"img\\" image=\\"https://picsum.photos/200/300?random=3\\">
                            <ForwardRef(CardMedia) classes={{...}} className=\\"ServiceList-media-4\\" component=\\"img\\" image=\\"https://picsum.photos/200/300?random=3\\">
                              <img className=\\"MuiCardMedia-root ServiceList-media-4 MuiCardMedia-media MuiCardMedia-img\\" style={[undefined]} src=\\"https://picsum.photos/200/300?random=3\\" />
                            </ForwardRef(CardMedia)>
                          </WithStyles(ForwardRef(CardMedia))>
                          <WithStyles(ForwardRef(CardContent)) className={[undefined]}>
                            <ForwardRef(CardContent) classes={{...}} className={[undefined]}>
                              <div className=\\"MuiCardContent-root\\">
                                <WithStyles(ForwardRef(Typography)) gutterBottom={true} variant=\\"h5\\" component=\\"h2\\">
                                  <ForwardRef(Typography) classes={{...}} gutterBottom={true} variant=\\"h5\\" component=\\"h2\\">
                                    <h2 className=\\"MuiTypography-root MuiTypography-h5 MuiTypography-gutterBottom\\">
                                      test
                                    </h2>
                                  </ForwardRef(Typography)>
                                </WithStyles(ForwardRef(Typography))>
                                <WithStyles(ForwardRef(Typography)) variant=\\"body2\\" component=\\"p\\">
                                  <ForwardRef(Typography) classes={{...}} variant=\\"body2\\" component=\\"p\\">
                                    <p className=\\"MuiTypography-root MuiTypography-body2\\">
                                      testtur testtursen
                                    </p>
                                  </ForwardRef(Typography)>
                                </WithStyles(ForwardRef(Typography))>
                              </div>
                            </ForwardRef(CardContent)>
                          </WithStyles(ForwardRef(CardContent))>
                        </div>
                      </ForwardRef(Paper)>
                    </WithStyles(ForwardRef(Paper))>
                  </ForwardRef(Card)>
                </WithStyles(ForwardRef(Card))>
              </div>
            </ForwardRef(Grid)>
          </WithStyles(ForwardRef(Grid))>
          <WithStyles(ForwardRef(Grid)) item={true} xs={12} sm={4} md={3}>
            <ForwardRef(Grid) classes={{...}} item={true} xs={12} sm={4} md={3}>
              <div className=\\"MuiGrid-root MuiGrid-item MuiGrid-grid-xs-12 MuiGrid-grid-sm-4 MuiGrid-grid-md-3\\">
                <WithStyles(ForwardRef(Card)) className=\\"ServiceList-card-2\\" onClick={[Function: onClick]}>
                  <ForwardRef(Card) classes={{...}} className=\\"ServiceList-card-2\\" onClick={[Function: onClick]}>
                    <WithStyles(ForwardRef(Paper)) className=\\"MuiCard-root ServiceList-card-2\\" elevation={1} onClick={[Function: onClick]}>
                      <ForwardRef(Paper) classes={{...}} className=\\"MuiCard-root ServiceList-card-2\\" elevation={1} onClick={[Function: onClick]}>
                        <div className=\\"MuiPaper-root MuiPaper-elevation1 MuiCard-root ServiceList-card-2 MuiPaper-rounded\\" onClick={[Function: onClick]}>
                          <WithStyles(ForwardRef(CardMedia)) className=\\"ServiceList-media-4\\" component=\\"img\\" image=\\"https://picsum.photos/200/300?random=4\\">
                            <ForwardRef(CardMedia) classes={{...}} className=\\"ServiceList-media-4\\" component=\\"img\\" image=\\"https://picsum.photos/200/300?random=4\\">
                              <img className=\\"MuiCardMedia-root ServiceList-media-4 MuiCardMedia-media MuiCardMedia-img\\" style={[undefined]} src=\\"https://picsum.photos/200/300?random=4\\" />
                            </ForwardRef(CardMedia)>
                          </WithStyles(ForwardRef(CardMedia))>
                          <WithStyles(ForwardRef(CardContent)) className={[undefined]}>
                            <ForwardRef(CardContent) classes={{...}} className={[undefined]}>
                              <div className=\\"MuiCardContent-root\\">
                                <WithStyles(ForwardRef(Typography)) gutterBottom={true} variant=\\"h5\\" component=\\"h2\\">
                                  <ForwardRef(Typography) classes={{...}} gutterBottom={true} variant=\\"h5\\" component=\\"h2\\">
                                    <h2 className=\\"MuiTypography-root MuiTypography-h5 MuiTypography-gutterBottom\\">
                                      test
                                    </h2>
                                  </ForwardRef(Typography)>
                                </WithStyles(ForwardRef(Typography))>
                                <WithStyles(ForwardRef(Typography)) variant=\\"body2\\" component=\\"p\\">
                                  <ForwardRef(Typography) classes={{...}} variant=\\"body2\\" component=\\"p\\">
                                    <p className=\\"MuiTypography-root MuiTypography-body2\\">
                                      testtur testtursen
                                    </p>
                                  </ForwardRef(Typography)>
                                </WithStyles(ForwardRef(Typography))>
                              </div>
                            </ForwardRef(CardContent)>
                          </WithStyles(ForwardRef(CardContent))>
                        </div>
                      </ForwardRef(Paper)>
                    </WithStyles(ForwardRef(Paper))>
                  </ForwardRef(Card)>
                </WithStyles(ForwardRef(Card))>
              </div>
            </ForwardRef(Grid)>
          </WithStyles(ForwardRef(Grid))>
        </div>
      </ForwardRef(Grid)>
    </WithStyles(ForwardRef(Grid))>
  </ServiceList>
</WithStyles(ServiceList)>"
`;
